nohup: 忽略输入
Environment Config:
action_repeat: 1
action_scale:
- 1.4
- 0.8
- 1.4
- 1.4
- 1.4
- 1.4
ctrl_dt: 0.05
early_termination: true
episode_length: 500
history_len: 1
impl: jax
noise_config:
  force_ema_alpha: 0.85
  level: 0.3
  scales:
    hw_force: 0.05
    hw_pos: 0.005
reset_config:
  hand_qpos_noise_scale: 0.02
reward_config:
  finger_active_threshold: 0.1
  force_contact_saturation: 1.0
  force_contact_threshold: 0.06
  force_overload_soft_width: 1.5
  force_overload_threshold: 2.8
  scales:
    action_accel: -0.01
    action_rate: -0.015
    approach: 5.0
    closure: 7.0
    contact: 5.0
    drop_risk: -8.0
    finger_participation: 4.0
    force_balance: 3.0
    force_contact: 8.0
    force_overload: -1.0
    grip_force: 3.0
    height: 5.0
    hold_position: 150.0
    human_pose: 5.0
    idle_follow: 2.0
    pip_closure: 5.0
    soft_contact: 2.0
    stable_hold: 20.0
    survival: 1.0
    termination: -80.0
    thumb_engage: 8.0
    torques: -3.0e-05
  soft_contact_fmax: 2.5
  soft_contact_fmin: 0.1
sim_dt: 0.01
spawn_config:
  cube_jitter:
  - 0.003
  - 0.005
  - 0.003
  cube_pos:
  - 0.0
  - -0.04
  - 0.098
  support_enabled: true
support_config:
  min_release_active_fingers: 3
  min_release_force: 0.2
  release_after_sec: 3.0
  release_ramp_sec: 0.0
  support_hidden_pos:
  - 0.0
  - 0.0
  - -10.0
  support_pos:
  - 0.0
  - -0.04
  - 0.08
tactile_config:
  force_saturation_n: 3.0
  obs_force_ema_alpha: 0.7
  taxel_weights:
  - 0.7
  - 1.0
  - 1.0
  - 0.7
  - 1.0
  - 1.4
  - 1.4
  - 1.0
  - 1.0
  - 1.4
  - 1.4
  - 1.0
  - 0.7
  - 1.0
  - 1.0
  - 0.7
  use_pooled_obs: true
  use_real_tactile: true

PPO Training Parameters:
action_repeat: 1
batch_size: 256
discounting: 0.97
entropy_cost: 0.01
episode_length: 500
learning_rate: 0.0003
network_factory:
  policy_hidden_layer_sizes: !!python/tuple
  - 512
  - 256
  - 128
  policy_obs_key: state
  value_hidden_layer_sizes: !!python/tuple
  - 512
  - 256
  - 128
  value_obs_key: privileged_state
normalize_observations: true
num_envs: 4096
num_evals: 10
num_minibatches: 32
num_resets_per_eval: 1
num_timesteps: 40000000
num_updates_per_batch: 4
reward_scaling: 1.0
unroll_length: 40

Experiment name: AeroCubeGraspV2Force-20260411-130717-v2_R06
Logs are being stored in: /home/ll/SRTP/Aero-Hand/sim_rl/mujoco_playground/logs/AeroCubeGraspV2Force-20260411-130717-v2_R06
No checkpoint path provided, not restoring from checkpoint
Checkpoint path: /home/ll/SRTP/Aero-Hand/sim_rl/mujoco_playground/logs/AeroCubeGraspV2Force-20260411-130717-v2_R06/checkpoints
0: reward=25.060
4587520: reward=26.309
9175040: reward=62.523
13762560: reward=182.627
18350080: reward=221.425
22937600: reward=213.824
27525120: reward=189.637
32112640: reward=203.301
36700160: reward=195.537
41287680: reward=195.086
Done training.
Time to JIT compile: 45.96094568500121
Time to train: 5920.795125416
Starting inference...
FPS for rendering: 10.0
  0%|          | 0/250 [00:00<?, ?it/s] 26%|██▋       | 66/250 [00:00<00:00, 650.59it/s] 53%|█████▎    | 132/250 [00:00<00:00, 645.53it/s] 79%|███████▉  | 198/250 [00:00<00:00, 648.67it/s]100%|██████████| 250/250 [00:00<00:00, 649.89it/s]
Rollout video saved as 'rollout0.mp4'.
